Archive member included to satisfy reference by file (symbol)

/Applications/VEXcode.app/Contents/Resources/sdk/vexv5/libv5rt.a(v5_startup.c.obj)
                              (vexStartup)
/Applications/VEXcode.app/Contents/Resources/sdk/vexv5/libv5rt.a(v5_util.c.obj)
                              /Applications/VEXcode.app/Contents/Resources/sdk/vexv5/libv5rt.a(v5_startup.c.obj) (vexStdlibVersionLinked)
/Applications/VEXcode.app/Contents/Resources/sdk/vexv5/libv5rt.a(v5_apijump.c.obj)
                              /Applications/VEXcode.app/Contents/Resources/sdk/vexv5/libv5rt.a(v5_startup.c.obj) (vexPrivateApiEnable)
/Applications/VEXcode.app/Contents/Resources/sdk/vexv5/libv5rt.a(v5_apiversions.c.obj)
                              /Applications/VEXcode.app/Contents/Resources/sdk/vexv5/libv5rt.a(v5_apijump.c.obj) (vexSystemVersion)
/Applications/VEXcode.app/Contents/Resources/sdk/vexv5/libv5rt.a(vex_motor.cpp.obj)
                              build/src/main.o (vex::motor::~motor())
/Applications/VEXcode.app/Contents/Resources/sdk/vexv5/libv5rt.a(vex_controller.cpp.obj)
                              build/src/main.o (vex::controller::~controller())
/Applications/VEXcode.app/Contents/Resources/sdk/vexv5/libv5rt.a(vex_task.cpp.obj)
                              build/src/main.o (vex::task::sleep(unsigned long))
/Applications/VEXcode.app/Contents/Resources/sdk/vexv5/libv5rt.a(vex_event.cpp.obj)
                              /Applications/VEXcode.app/Contents/Resources/sdk/vexv5/libv5rt.a(vex_controller.cpp.obj) (vex::event::init(unsigned long, unsigned long, void (*)()))
/Applications/VEXcode.app/Contents/Resources/sdk/vexv5/libv5rt.a(vex_mevent.cpp.obj)
                              /Applications/VEXcode.app/Contents/Resources/sdk/vexv5/libv5rt.a(vex_controller.cpp.obj) (vex::mevent::mevent(unsigned long, unsigned long))
/Applications/VEXcode.app/Contents/Resources/sdk/vexv5/libv5rt.a(vex_brain.cpp.obj)
                              build/src/main.o (vex::brain::~brain())
/Applications/VEXcode.app/Contents/Resources/sdk/vexv5/libv5rt.a(vex_competition.cpp.obj)
                              build/src/main.o (vex::competition::competition())
/Applications/VEXcode.app/Contents/Resources/sdk/vexv5/libv5rt.a(vex_triport.cpp.obj)
                              /Applications/VEXcode.app/Contents/Resources/sdk/vexv5/libv5rt.a(vex_brain.cpp.obj) (vex::triport::~triport())
/Applications/VEXcode.app/Contents/Resources/sdk/vexv5/libv5rt.a(vex_color.cpp.obj)
                              /Applications/VEXcode.app/Contents/Resources/sdk/vexv5/libv5rt.a(vex_brain.cpp.obj) (vex::color::operator unsigned long() const)
/Applications/VEXcode.app/Contents/Resources/sdk/vexv5/libv5rt.a(vex_timer.cpp.obj)
                              /Applications/VEXcode.app/Contents/Resources/sdk/vexv5/libv5rt.a(vex_brain.cpp.obj) (vex::timer::~timer())
/Applications/VEXcode.app/Contents/Resources/sdk/vexv5/libv5rt.a(v5_apiuser.c.obj)
                              /Applications/VEXcode.app/Contents/Resources/sdk/vexv5/libv5rt.a(vex_triport.cpp.obj) (vexAdiPortConfigSet)
/Applications/VEXcode.app/Contents/Resources/sdk/vexv5/libv5rt.a(vex_global.cpp.obj)
                              /Applications/VEXcode.app/Contents/Resources/sdk/vexv5/libv5rt.a(vex_brain.cpp.obj) (vex::PORT22)
/Applications/VEXcode.app/Contents/Resources/sdk/vexv5/libv5rt.a(vex_device.cpp.obj)
                              /Applications/VEXcode.app/Contents/Resources/sdk/vexv5/libv5rt.a(vex_triport.cpp.obj) (vex::device::value())
/Applications/VEXcode.app/Contents/Resources/sdk/vexv5/gcc/libs/libc.a(lib_a-fini.o)
                              /Applications/VEXcode.app/Contents/Resources/sdk/vexv5/libv5rt.a(v5_startup.c.obj) (__libc_fini_array)
/Applications/VEXcode.app/Contents/Resources/sdk/vexv5/gcc/libs/libc.a(lib_a-impure.o)
                              /Applications/VEXcode.app/Contents/Resources/sdk/vexv5/libv5rt.a(v5_startup.c.obj) (_impure_ptr)
/Applications/VEXcode.app/Contents/Resources/sdk/vexv5/gcc/libs/libc.a(lib_a-init.o)
                              /Applications/VEXcode.app/Contents/Resources/sdk/vexv5/libv5rt.a(v5_startup.c.obj) (__libc_init_array)
/Applications/VEXcode.app/Contents/Resources/sdk/vexv5/gcc/libs/libc.a(lib_a-tolower.o)
                              /Applications/VEXcode.app/Contents/Resources/sdk/vexv5/libv5rt.a(vex_brain.cpp.obj) (tolower)
/Applications/VEXcode.app/Contents/Resources/sdk/vexv5/gcc/libs/libc.a(lib_a-ctype_.o)
                              /Applications/VEXcode.app/Contents/Resources/sdk/vexv5/gcc/libs/libc.a(lib_a-tolower.o) (__ctype_ptr__)

Allocating common symbols
Common symbol       size              file

__vex_critical_section
                    0x1               /Applications/VEXcode.app/Contents/Resources/sdk/vexv5/libv5rt.a(v5_startup.c.obj)

Discarded input sections

 .text          0x0000000000000000        0x0 build/src/main.o
 .text._Z9pre_autonv
                0x0000000000000000        0x4 build/src/main.o
[...]
Memory Configuration

Name             Origin             Length             Attributes
ps7_ddr_0_S_AXI_BASEADDR 0x0000000003800000 0x0000000004800000
*default*        0x0000000000000000 0xffffffffffffffff

Linker script and memory map

                0x0000000000002000                _STACK_SIZE = DEFINED (_STACK_SIZE)?_STACK_SIZE:0x2000
                0x0000000000100000                _HEAP_SIZE = DEFINED (_HEAP_SIZE)?_HEAP_SIZE:0x100000
                0x0000000000000400                _ABORT_STACK_SIZE = DEFINED (_ABORT_STACK_SIZE)?_ABORT_STACK_SIZE:0x400
                0x0000000000000800                _SUPERVISOR_STACK_SIZE = DEFINED (_SUPERVISOR_STACK_SIZE)?_SUPERVISOR_STACK_SIZE:0x800
                0x0000000000000400                _IRQ_STACK_SIZE = DEFINED (_IRQ_STACK_SIZE)?_IRQ_STACK_SIZE:0x400
                0x0000000000000400                _FIQ_STACK_SIZE = DEFINED (_FIQ_STACK_SIZE)?_FIQ_STACK_SIZE:0x400
                0x0000000000000400                _UNDEF_STACK_SIZE = DEFINED (_UNDEF_STACK_SIZE)?_UNDEF_STACK_SIZE:0x400

.text           0x0000000003800000     0x1d08
 *(.vectors)
 *(.boot_data)
 .boot_data     0x0000000003800000       0x20 /Applications/VEXcode.app/Contents/Resources/sdk/vexv5/libv5rt.a(v5_startup.c.obj)
                0x0000000003800000                vexCodeSig
                0x0000000000000020                . = 0x20
 *(.boot)
 .boot          0x0000000003800020       0xbc /Applications/VEXcode.app/Contents/Resources/sdk/vexv5/libv5rt.a(v5_startup.c.obj)
                0x0000000003800020                vexStartup
                0x0000000003800100                . = ALIGN (0x40)
 *fill*         0x00000000038000dc       0x24 
 *(.freertos_vectors)
 *(.text)
 *(.text.*)
 .text._Z10autonomousv
                0x0000000003800100        0x4 build/src/main.o
                0x0000000003800100                autonomous()
 .text._Z11usercontrolv
                0x0000000003800104       0x14 build/src/main.o
                0x0000000003800104                usercontrol()
 .text.main     0x0000000003800118       0x3c build/src/main.o
                0x0000000003800118                main
 .text._GLOBAL__sub_I_main.cpp
                0x0000000003800154      0x1e8 build/src/main.o
 .text.vexMain  0x000000000380033c       0xb0 /Applications/VEXcode.app/Contents/Resources/sdk/vexv5/libv5rt.a(v5_startup.c.obj)
                0x000000000380033c                vexMain
 .text.__vex_function_prolog
                0x00000000038003ec       0x18 /Applications/VEXcode.app/Contents/Resources/sdk/vexv5/libv5rt.a(v5_startup.c.obj)
                0x00000000038003ec                __vex_function_prolog
 .text._init    0x0000000003800404        0x4 /Applications/VEXcode.app/Contents/Resources/sdk/vexv5/libv5rt.a(v5_startup.c.obj)
                0x0000000003800404                _init
 .text._fini    0x0000000003800408        0x4 /Applications/VEXcode.app/Contents/Resources/sdk/vexv5/libv5rt.a(v5_startup.c.obj)
                0x0000000003800408                _fini
 .text.vexStdlibVersionLinked
                0x000000000380040c        0xc /Applications/VEXcode.app/Contents/Resources/sdk/vexv5/libv5rt.a(v5_util.c.obj)
                0x000000000380040c                vexStdlibVersionLinked
 .text.vexStdlibVersionVerify
                0x0000000003800418       0x30 /Applications/VEXcode.app/Contents/Resources/sdk/vexv5/libv5rt.a(v5_util.c.obj)
                0x0000000003800418                vexStdlibVersionVerify
 .text.vexPrivateApiEnable
                0x0000000003800448       0x10 /Applications/VEXcode.app/Contents/Resources/sdk/vexv5/libv5rt.a(v5_apijump.c.obj)
                0x0000000003800448                vexPrivateApiEnable
 .text.vexStdlibMismatchError
                0x0000000003800458       0x3c /Applications/VEXcode.app/Contents/Resources/sdk/vexv5/libv5rt.a(v5_apijump.c.obj)
                0x0000000003800458                vexStdlibMismatchError
 .text.vexTaskAdd
                0x0000000003800494       0x10 /Applications/VEXcode.app/Contents/Resources/sdk/vexv5/libv5rt.a(v5_apijump.c.obj)
                0x0000000003800494                vexTaskAdd
 .text.vexTaskStop
                0x00000000038004a4       0x10 /Applications/VEXcode.app/Contents/Resources/sdk/vexv5/libv5rt.a(v5_apijump.c.obj)
                0x00000000038004a4                vexTaskStop
 .text.vexTasksRun
                0x00000000038004b4       0x10 /Applications/VEXcode.app/Contents/Resources/sdk/vexv5/libv5rt.a(v5_apijump.c.obj)
                0x00000000038004b4                vexTasksRun
 .text.vexTaskYield
                0x00000000038004c4       0x10 /Applications/VEXcode.app/Contents/Resources/sdk/vexv5/libv5rt.a(v5_apijump.c.obj)
                0x00000000038004c4                vexTaskYield
 .text.vexTaskCheckTimeslice
                0x00000000038004d4       0x10 /Applications/VEXcode.app/Contents/Resources/sdk/vexv5/libv5rt.a(v5_apijump.c.obj)
                0x00000000038004d4                vexTaskCheckTimeslice
 .text.vexTaskSleep
                0x00000000038004e4       0x10 /Applications/VEXcode.app/Contents/Resources/sdk/vexv5/libv5rt.a(v5_apijump.c.obj)
                0x00000000038004e4                vexTaskSleep
 .text.vexTasksDump
                0x00000000038004f4       0x1c /Applications/VEXcode.app/Contents/Resources/sdk/vexv5/libv5rt.a(v5_apijump.c.obj)
                0x00000000038004f4                vexTasksDump
 .text.vexTaskGetTaskIndex
                0x0000000003800510       0x10 /Applications/VEXcode.app/Contents/Resources/sdk/vexv5/libv5rt.a(v5_apijump.c.obj)
                0x0000000003800510                vexTaskGetTaskIndex
 .text.vexTaskStopAll
                0x0000000003800520       0x10 /Applications/VEXcode.app/Contents/Resources/sdk/vexv5/libv5rt.a(v5_apijump.c.obj)
                0x0000000003800520                vexTaskStopAll
 .text.vexTaskRemoveAllUser
                0x0000000003800530       0x34 /Applications/VEXcode.app/Contents/Resources/sdk/vexv5/libv5rt.a(v5_apijump.c.obj)
                0x0000000003800530                vexTaskRemoveAllUser
 .text.vexTaskCompletionIdSet
                0x0000000003800564       0x10 /Applications/VEXcode.app/Contents/Resources/sdk/vexv5/libv5rt.a(v5_apijump.c.obj)
                0x0000000003800564                vexTaskCompletionIdSet
 .text.vexEventAdd
                0x0000000003800574       0x34 /Applications/VEXcode.app/Contents/Resources/sdk/vexv5/libv5rt.a(v5_apijump.c.obj)
                0x0000000003800574                vexEventAdd
 .text.vexEventUserIndexGet
                0x00000000038005a8       0x1c /Applications/VEXcode.app/Contents/Resources/sdk/vexv5/libv5rt.a(v5_apijump.c.obj)
                0x00000000038005a8                vexEventUserIndexGet
 .text.vexEventAddWithArg
                0x00000000038005c4       0x3c /Applications/VEXcode.app/Contents/Resources/sdk/vexv5/libv5rt.a(v5_apijump.c.obj)
                0x00000000038005c4                vexEventAddWithArg
 .text.vexEventsCleanup
                0x0000000003800600       0x2c /Applications/VEXcode.app/Contents/Resources/sdk/vexv5/libv5rt.a(v5_apijump.c.obj)
                0x0000000003800600                vexEventsCleanup
 .text.vexDebug
                0x000000000380062c       0x38 /Applications/VEXcode.app/Contents/Resources/sdk/vexv5/libv5rt.a(v5_apijump.c.obj)
                0x000000000380062c                vexDebug
 .text.vex_sprintf
                0x0000000003800664       0x40 /Applications/VEXcode.app/Contents/Resources/sdk/vexv5/libv5rt.a(v5_apijump.c.obj)
                0x0000000003800664                vex_sprintf
 .text.vexSystemTimeGet
                0x00000000038006a4       0x1c /Applications/VEXcode.app/Contents/Resources/sdk/vexv5/libv5rt.a(v5_apijump.c.obj)
                0x00000000038006a4                vexSystemTimeGet
 .text.vexSystemExitRequest
                0x00000000038006c0       0x1c /Applications/VEXcode.app/Contents/Resources/sdk/vexv5/libv5rt.a(v5_apijump.c.obj)
                0x00000000038006c0                vexSystemExitRequest
 .text.vexDeviceGetByIndex
                0x00000000038006dc       0x24 /Applications/VEXcode.app/Contents/Resources/sdk/vexv5/libv5rt.a(v5_apijump.c.obj)
                0x00000000038006dc                vexDeviceGetByIndex
 .text.vexDeviceAdiPortConfigSet
                0x0000000003800700       0x34 /Applications/VEXcode.app/Contents/Resources/sdk/vexv5/libv5rt.a(v5_apijump.c.obj)
                0x0000000003800700                vexDeviceAdiPortConfigSet
 .text.vexDeviceMotorActualVelocityGet
                0x0000000003800734       0x24 /Applications/VEXcode.app/Contents/Resources/sdk/vexv5/libv5rt.a(v5_apijump.c.obj)
                0x0000000003800734                vexDeviceMotorActualVelocityGet
 .text.vexDeviceMotorReverseFlagSet
                0x0000000003800758       0x2c /Applications/VEXcode.app/Contents/Resources/sdk/vexv5/libv5rt.a(v5_apijump.c.obj)
                0x0000000003800758                vexDeviceMotorReverseFlagSet
 .text.vexDeviceMotorBrakeModeSet
                0x0000000003800784       0x2c /Applications/VEXcode.app/Contents/Resources/sdk/vexv5/libv5rt.a(v5_apijump.c.obj)
                0x0000000003800784                vexDeviceMotorBrakeModeSet
 .text.vexDeviceMotorPositionSet
                0x00000000038007b0       0x34 /Applications/VEXcode.app/Contents/Resources/sdk/vexv5/libv5rt.a(v5_apijump.c.obj)
                0x00000000038007b0                vexDeviceMotorPositionSet
 .text.vexDeviceMotorGearingSet
                0x00000000038007e4       0x2c /Applications/VEXcode.app/Contents/Resources/sdk/vexv5/libv5rt.a(v5_apijump.c.obj)
                0x00000000038007e4                vexDeviceMotorGearingSet
 .text.vexDeviceMotorGearingGet
                0x0000000003800810       0x24 /Applications/VEXcode.app/Contents/Resources/sdk/vexv5/libv5rt.a(v5_apijump.c.obj)
                0x0000000003800810                vexDeviceMotorGearingGet
 .text.vexDisplayForegroundColor
                0x0000000003800834       0x24 /Applications/VEXcode.app/Contents/Resources/sdk/vexv5/libv5rt.a(v5_apijump.c.obj)
                0x0000000003800834                vexDisplayForegroundColor
 .text.vexDisplayBackgroundColor
                0x0000000003800858       0x24 /Applications/VEXcode.app/Contents/Resources/sdk/vexv5/libv5rt.a(v5_apijump.c.obj)
                0x0000000003800858                vexDisplayBackgroundColor
 .text.vexDisplayTextReference
                0x000000000380087c       0x24 /Applications/VEXcode.app/Contents/Resources/sdk/vexv5/libv5rt.a(v5_apijump.c.obj)
                0x000000000380087c                vexDisplayTextReference
 .text.vexDisplayTextSize
                0x00000000038008a0       0x2c /Applications/VEXcode.app/Contents/Resources/sdk/vexv5/libv5rt.a(v5_apijump.c.obj)
                0x00000000038008a0                vexDisplayTextSize
 .text.vexDisplayFontNamedSet
                0x00000000038008cc       0x24 /Applications/VEXcode.app/Contents/Resources/sdk/vexv5/libv5rt.a(v5_apijump.c.obj)
                0x00000000038008cc                vexDisplayFontNamedSet
 .text.vexSystemStdlibImpureDataAddr
                0x00000000038008f0       0x28 /Applications/VEXcode.app/Contents/Resources/sdk/vexv5/libv5rt.a(v5_apijump.c.obj)
                0x00000000038008f0                vexSystemStdlibImpureDataAddr
 .text.vexSystemStdlibImpureDataSize
                0x0000000003800918       0x28 /Applications/VEXcode.app/Contents/Resources/sdk/vexv5/libv5rt.a(v5_apijump.c.obj)
                0x0000000003800918                vexSystemStdlibImpureDataSize
 .text.vexSystemSaveUserData
                0x0000000003800940       0x3c /Applications/VEXcode.app/Contents/Resources/sdk/vexv5/libv5rt.a(v5_apijump.c.obj)
                0x0000000003800940                vexSystemSaveUserData
 .text.vexDisplayThemeIdGet
                0x000000000380097c       0x38 /Applications/VEXcode.app/Contents/Resources/sdk/vexv5/libv5rt.a(v5_apijump.c.obj)
                0x000000000380097c                vexDisplayThemeIdGet
 .text.vexDeviceEventMaskSet
                0x00000000038009b4       0x48 /Applications/VEXcode.app/Contents/Resources/sdk/vexv5/libv5rt.a(v5_apijump.c.obj)
                0x00000000038009b4                vexDeviceEventMaskSet
 .text.vexDeviceEventMaskGet
                0x00000000038009fc       0x3c /Applications/VEXcode.app/Contents/Resources/sdk/vexv5/libv5rt.a(v5_apijump.c.obj)
                0x00000000038009fc                vexDeviceEventMaskGet
 .text.vexSystemVersion
                0x0000000003800a38       0x10 /Applications/VEXcode.app/Contents/Resources/sdk/vexv5/libv5rt.a(v5_apiversions.c.obj)
                0x0000000003800a38                vexSystemVersion
 .text.vexStdlibVersion
                0x0000000003800a48       0x10 /Applications/VEXcode.app/Contents/Resources/sdk/vexv5/libv5rt.a(v5_apiversions.c.obj)
                0x0000000003800a48                vexStdlibVersion
 .text._ZN3vex5motor9installedEv
                0x0000000003800a58       0x18 /Applications/VEXcode.app/Contents/Resources/sdk/vexv5/libv5rt.a(vex_motor.cpp.obj)
                0x0000000003800a58                vex::motor::installed()
 .text._ZN3vex5motorD2Ev
                0x0000000003800a70       0x20 /Applications/VEXcode.app/Contents/Resources/sdk/vexv5/libv5rt.a(vex_motor.cpp.obj)
                0x0000000003800a70                vex::motor::~motor()
                0x0000000003800a70                vex::motor::~motor()
 .text._ZN3vex5motor15defaultStoppingENS_9brakeTypeE
                0x0000000003800a90       0x30 /Applications/VEXcode.app/Contents/Resources/sdk/vexv5/libv5rt.a(vex_motor.cpp.obj)
                0x0000000003800a90                vex::motor::defaultStopping(vex::brakeType)
 .text._ZN3vex5motorC2El
                0x0000000003800ac0       0x70 /Applications/VEXcode.app/Contents/Resources/sdk/vexv5/libv5rt.a(vex_motor.cpp.obj)
                0x0000000003800ac0                vex::motor::motor(long)
                0x0000000003800ac0                vex::motor::motor(long)
 .text._ZN3vex5motorC2ElNS_11gearSettingEb
                0x0000000003800b30       0x34 /Applications/VEXcode.app/Contents/Resources/sdk/vexv5/libv5rt.a(vex_motor.cpp.obj)
                0x0000000003800b30                vex::motor::motor(long, vex::gearSetting, bool)
                0x0000000003800b30                vex::motor::motor(long, vex::gearSetting, bool)
 .text._ZN3vex5motor16velocityToScaledEdNS_13velocityUnitsE
                0x0000000003800b64       0x5c /Applications/VEXcode.app/Contents/Resources/sdk/vexv5/libv5rt.a(vex_motor.cpp.obj)
                0x0000000003800b64                vex::motor::velocityToScaled(double, vex::velocityUnits)
 .text._ZN3vex5motor8velocityENS_13velocityUnitsE
                0x0000000003800bc0       0x30 /Applications/VEXcode.app/Contents/Resources/sdk/vexv5/libv5rt.a(vex_motor.cpp.obj)
                0x0000000003800bc0                vex::motor::velocity(vex::velocityUnits)
 .text._ZN3vex5motor5valueEv
                0x0000000003800bf0       0x1c /Applications/VEXcode.app/Contents/Resources/sdk/vexv5/libv5rt.a(vex_motor.cpp.obj)
                0x0000000003800bf0                vex::motor::value()
 .text.startup._GLOBAL__sub_I__ZN3vex5motorC2El
                0x0000000003800c0c       0x30 /Applications/VEXcode.app/Contents/Resources/sdk/vexv5/libv5rt.a(vex_motor.cpp.obj)
 .text._ZN3vex10controllerD2Ev
                0x0000000003800c3c        0x4 /Applications/VEXcode.app/Contents/Resources/sdk/vexv5/libv5rt.a(vex_controller.cpp.obj)
                0x0000000003800c3c                vex::controller::~controller()
                0x0000000003800c3c                vex::controller::~controller()
 .text._ZN3vex10controller6button21_buttonToPressedEventEv
                0x0000000003800c40       0x20 /Applications/VEXcode.app/Contents/Resources/sdk/vexv5/libv5rt.a(vex_controller.cpp.obj)
                0x0000000003800c40                vex::controller::button::_buttonToPressedEvent()
 .text._ZN3vex10controller6button22_buttonToReleasedEventEv
                0x0000000003800c60       0x20 /Applications/VEXcode.app/Contents/Resources/sdk/vexv5/libv5rt.a(vex_controller.cpp.obj)
                0x0000000003800c60                vex::controller::button::_buttonToReleasedEvent()
 .text._ZN3vex10controller6buttonC2ENS0_11tButtonTypeEPS0_
                0x0000000003800c80       0x48 /Applications/VEXcode.app/Contents/Resources/sdk/vexv5/libv5rt.a(vex_controller.cpp.obj)
                0x0000000003800c80                vex::controller::button::button(vex::controller::tButtonType, vex::controller*)
                0x0000000003800c80                vex::controller::button::button(vex::controller::tButtonType, vex::controller*)
 .text._ZN3vex10controller4axis23_joystickToChangedEventEv
                0x0000000003800cc8       0x20 /Applications/VEXcode.app/Contents/Resources/sdk/vexv5/libv5rt.a(vex_controller.cpp.obj)
                0x0000000003800cc8                vex::controller::axis::_joystickToChangedEvent()
 .text._ZN3vex10controller4axisC2ENS0_9tAxisTypeEPS0_
                0x0000000003800ce8       0x2c /Applications/VEXcode.app/Contents/Resources/sdk/vexv5/libv5rt.a(vex_controller.cpp.obj)
                0x0000000003800ce8                vex::controller::axis::axis(vex::controller::tAxisType, vex::controller*)
                0x0000000003800ce8                vex::controller::axis::axis(vex::controller::tAxisType, vex::controller*)
 .text._ZN3vex10controllerC2Ev
                0x0000000003800d14      0x204 /Applications/VEXcode.app/Contents/Resources/sdk/vexv5/libv5rt.a(vex_controller.cpp.obj)
                0x0000000003800d14                vex::controller::controller()
                0x0000000003800d14                vex::controller::controller()
 .text._ZN3vex4taskC2EPFivE
                0x0000000003800f18       0x54 /Applications/VEXcode.app/Contents/Resources/sdk/vexv5/libv5rt.a(vex_task.cpp.obj)
                0x0000000003800f18                vex::task::task(int (*)())
                0x0000000003800f18                vex::task::task(int (*)())
 .text._ZN3vex4taskD2Ev
                0x0000000003800f6c        0x4 /Applications/VEXcode.app/Contents/Resources/sdk/vexv5/libv5rt.a(vex_task.cpp.obj)
                0x0000000003800f6c                vex::task::~task()
                0x0000000003800f6c                vex::task::~task()
 .text._ZN3vex4task4stopEPFivE
                0x0000000003800f70        0xc /Applications/VEXcode.app/Contents/Resources/sdk/vexv5/libv5rt.a(vex_task.cpp.obj)
                0x0000000003800f70                vex::task::stop(int (*)())
 .text._ZN3vex4task5sleepEm
                0x0000000003800f7c        0x4 /Applications/VEXcode.app/Contents/Resources/sdk/vexv5/libv5rt.a(vex_task.cpp.obj)
                0x0000000003800f7c                vex::task::sleep(unsigned long)
 .text._ZN3vex4task6_indexEPFivE
                0x0000000003800f80       0x14 /Applications/VEXcode.app/Contents/Resources/sdk/vexv5/libv5rt.a(vex_task.cpp.obj)
                0x0000000003800f80                vex::task::_index(int (*)())
 .text._ZN3vex4task8_stopAllEv
                0x0000000003800f94       0x3c /Applications/VEXcode.app/Contents/Resources/sdk/vexv5/libv5rt.a(vex_task.cpp.obj)
                0x0000000003800f94                vex::task::_stopAll()
 .text._ZN3vex5event4initEmmPFvvE
                0x0000000003800fd0        0x4 /Applications/VEXcode.app/Contents/Resources/sdk/vexv5/libv5rt.a(vex_event.cpp.obj)
                0x0000000003800fd0                vex::event::init(unsigned long, unsigned long, void (*)())
 .text._ZN3vex5event4initEmmPFvPvES1_
                0x0000000003800fd4        0x4 /Applications/VEXcode.app/Contents/Resources/sdk/vexv5/libv5rt.a(vex_event.cpp.obj)
                0x0000000003800fd4                vex::event::init(unsigned long, unsigned long, void (*)(void*), void*)
 .text._ZN3vex5event9userindexEv
                0x0000000003800fd8        0x4 /Applications/VEXcode.app/Contents/Resources/sdk/vexv5/libv5rt.a(vex_event.cpp.obj)
                0x0000000003800fd8                vex::event::userindex()
 .text._ZZN3vex6meventC4EmmENUlvE_4_FUNEv
                0x0000000003800fdc        0x4 /Applications/VEXcode.app/Contents/Resources/sdk/vexv5/libv5rt.a(vex_mevent.cpp.obj)
 .text._ZN3vex6meventC2Emm
                0x0000000003800fe0       0x70 /Applications/VEXcode.app/Contents/Resources/sdk/vexv5/libv5rt.a(vex_mevent.cpp.obj)
                0x0000000003800fe0                vex::mevent::mevent(unsigned long, unsigned long)
                0x0000000003800fe0                vex::mevent::mevent(unsigned long, unsigned long)
 .text._ZN3vex5brainD2Ev
                0x0000000003801050       0x20 /Applications/VEXcode.app/Contents/Resources/sdk/vexv5/libv5rt.a(vex_brain.cpp.obj)
                0x0000000003801050                vex::brain::~brain()
                0x0000000003801050                vex::brain::~brain()
 .text._ZN3vex5brain9_getIndexEv
                0x0000000003801070       0x10 /Applications/VEXcode.app/Contents/Resources/sdk/vexv5/libv5rt.a(vex_brain.cpp.obj)
                0x0000000003801070                vex::brain::_getIndex()
 .text._ZN3vex5brain3lcd9setCursorEll
                0x0000000003801080       0x44 /Applications/VEXcode.app/Contents/Resources/sdk/vexv5/libv5rt.a(vex_brain.cpp.obj)
                0x0000000003801080                vex::brain::lcd::setCursor(long, long)
 .text._ZN3vex5brain3lcd7setFontENS_8fontTypeE
                0x00000000038010c4      0x228 /Applications/VEXcode.app/Contents/Resources/sdk/vexv5/libv5rt.a(vex_brain.cpp.obj)
                0x00000000038010c4                vex::brain::lcd::setFont(vex::fontType)
 .text._ZN3vex5brain3lcdC2Ev
                0x00000000038012ec       0x94 /Applications/VEXcode.app/Contents/Resources/sdk/vexv5/libv5rt.a(vex_brain.cpp.obj)
                0x00000000038012ec                vex::brain::lcd::lcd()
                0x00000000038012ec                vex::brain::lcd::lcd()
 .text._ZN3vex5brainC2Ev
                0x0000000003801380       0x40 /Applications/VEXcode.app/Contents/Resources/sdk/vexv5/libv5rt.a(vex_brain.cpp.obj)
                0x0000000003801380                vex::brain::brain()
                0x0000000003801380                vex::brain::brain()
 .text._ZN3vex11competition8_disableEPv
                0x00000000038013c0       0x9c /Applications/VEXcode.app/Contents/Resources/sdk/vexv5/libv5rt.a(vex_competition.cpp.obj)
                0x00000000038013c0                vex::competition::_disable(void*)
 .text._ZN3vex11competition11_autonomousEv
                0x000000000380145c       0x7c /Applications/VEXcode.app/Contents/Resources/sdk/vexv5/libv5rt.a(vex_competition.cpp.obj)
                0x000000000380145c                vex::competition::_autonomous()
 .text._ZN3vex11competition14_drivercontrolEv
                0x00000000038014d8       0x7c /Applications/VEXcode.app/Contents/Resources/sdk/vexv5/libv5rt.a(vex_competition.cpp.obj)
                0x00000000038014d8                vex::competition::_drivercontrol()
 .text._ZN3vex11competitionC2Ev
                0x0000000003801554      0x13c /Applications/VEXcode.app/Contents/Resources/sdk/vexv5/libv5rt.a(vex_competition.cpp.obj)
                0x0000000003801554                vex::competition::competition()
                0x0000000003801554                vex::competition::competition()
 .text._ZN3vex11competitionD2Ev
                0x0000000003801690        0x4 /Applications/VEXcode.app/Contents/Resources/sdk/vexv5/libv5rt.a(vex_competition.cpp.obj)
                0x0000000003801690                vex::competition::~competition()
                0x0000000003801690                vex::competition::~competition()
 .text._ZN3vex11competition10autonomousEPFvvE
                0x0000000003801694       0x44 /Applications/VEXcode.app/Contents/Resources/sdk/vexv5/libv5rt.a(vex_competition.cpp.obj)
                0x0000000003801694                vex::competition::autonomous(void (*)())
 .text._ZN3vex11competition13drivercontrolEPFvvE
                0x00000000038016d8       0x44 /Applications/VEXcode.app/Contents/Resources/sdk/vexv5/libv5rt.a(vex_competition.cpp.obj)
                0x00000000038016d8                vex::competition::drivercontrol(void (*)())
 .text._ZN3vex7triport9installedEv
                0x000000000380171c       0x18 /Applications/VEXcode.app/Contents/Resources/sdk/vexv5/libv5rt.a(vex_triport.cpp.obj)
                0x000000000380171c                vex::triport::installed()
 .text._ZN3vex7triportD2Ev
                0x0000000003801734       0x38 /Applications/VEXcode.app/Contents/Resources/sdk/vexv5/libv5rt.a(vex_triport.cpp.obj)
                0x0000000003801734                vex::triport::~triport()
                0x0000000003801734                vex::triport::~triport()
 .text._ZN3vex7triport4portC2ElPS0_
                0x000000000380176c       0x90 /Applications/VEXcode.app/Contents/Resources/sdk/vexv5/libv5rt.a(vex_triport.cpp.obj)
                0x000000000380176c                vex::triport::port::port(long, vex::triport*)
                0x000000000380176c                vex::triport::port::port(long, vex::triport*)
 .text._ZN3vex7triportC2El
                0x00000000038017fc       0xf0 /Applications/VEXcode.app/Contents/Resources/sdk/vexv5/libv5rt.a(vex_triport.cpp.obj)
                0x00000000038017fc                vex::triport::triport(long)
                0x00000000038017fc                vex::triport::triport(long)
 .text.startup._GLOBAL__sub_I__ZN3vex7triportC2El
                0x00000000038018ec       0x30 /Applications/VEXcode.app/Contents/Resources/sdk/vexv5/libv5rt.a(vex_triport.cpp.obj)
 .text._ZN3vex5colorD2Ev
                0x000000000380191c        0x4 /Applications/VEXcode.app/Contents/Resources/sdk/vexv5/libv5rt.a(vex_color.cpp.obj)
                0x000000000380191c                vex::color::~color()
                0x000000000380191c                vex::color::~color()
 .text.startup._GLOBAL__sub_I__ZN3vex5color5blackE
                0x0000000003801920      0x164 /Applications/VEXcode.app/Contents/Resources/sdk/vexv5/libv5rt.a(vex_color.cpp.obj)
 .text._ZN3vex5timerD2Ev
                0x0000000003801a84        0x4 /Applications/VEXcode.app/Contents/Resources/sdk/vexv5/libv5rt.a(vex_timer.cpp.obj)
                0x0000000003801a84                vex::timer::~timer()
                0x0000000003801a84                vex::timer::~timer()
 .text._ZN3vex5timer5clearEv
                0x0000000003801a88       0x1c /Applications/VEXcode.app/Contents/Resources/sdk/vexv5/libv5rt.a(vex_timer.cpp.obj)
                0x0000000003801a88                vex::timer::clear()
 .text._ZN3vex5timerC2Ev
                0x0000000003801aa4       0x14 /Applications/VEXcode.app/Contents/Resources/sdk/vexv5/libv5rt.a(vex_timer.cpp.obj)
                0x0000000003801aa4                vex::timer::timer()
                0x0000000003801aa4                vex::timer::timer()
 .text.vexAdiPortConfigSet
                0x0000000003801ab8       0x28 /Applications/VEXcode.app/Contents/Resources/sdk/vexv5/libv5rt.a(v5_apiuser.c.obj)
                0x0000000003801ab8                vexAdiPortConfigSet
 .text.vexMotorActualVelocityGet
                0x0000000003801ae0       0x24 /Applications/VEXcode.app/Contents/Resources/sdk/vexv5/libv5rt.a(v5_apiuser.c.obj)
                0x0000000003801ae0                vexMotorActualVelocityGet
 .text.vexMotorReverseFlagSet
                0x0000000003801b04       0x20 /Applications/VEXcode.app/Contents/Resources/sdk/vexv5/libv5rt.a(v5_apiuser.c.obj)
                0x0000000003801b04                vexMotorReverseFlagSet
 .text.vexMotorBrakeModeSet
                0x0000000003801b24       0x20 /Applications/VEXcode.app/Contents/Resources/sdk/vexv5/libv5rt.a(v5_apiuser.c.obj)
                0x0000000003801b24                vexMotorBrakeModeSet
 .text.vexMotorPositionSet
                0x0000000003801b44       0x28 /Applications/VEXcode.app/Contents/Resources/sdk/vexv5/libv5rt.a(v5_apiuser.c.obj)
                0x0000000003801b44                vexMotorPositionSet
 .text.vexMotorGearingSet
                0x0000000003801b6c       0x20 /Applications/VEXcode.app/Contents/Resources/sdk/vexv5/libv5rt.a(v5_apiuser.c.obj)
                0x0000000003801b6c                vexMotorGearingSet
 .text.vexMotorGearingGet
                0x0000000003801b8c       0x18 /Applications/VEXcode.app/Contents/Resources/sdk/vexv5/libv5rt.a(v5_apiuser.c.obj)
                0x0000000003801b8c                vexMotorGearingGet
 .text.vexEventMaskSet
                0x0000000003801ba4       0x28 /Applications/VEXcode.app/Contents/Resources/sdk/vexv5/libv5rt.a(v5_apiuser.c.obj)
                0x0000000003801ba4                vexEventMaskSet
 .text.vexEventMaskGet
                0x0000000003801bcc       0x18 /Applications/VEXcode.app/Contents/Resources/sdk/vexv5/libv5rt.a(v5_apiuser.c.obj)
                0x0000000003801bcc                vexEventMaskGet
 .text._ZN3vex6device5valueEv
                0x0000000003801be4        0x8 /Applications/VEXcode.app/Contents/Resources/sdk/vexv5/libv5rt.a(vex_device.cpp.obj)
                0x0000000003801be4                vex::device::value()
 .text._ZN3vex6deviceD2Ev
                0x0000000003801bec        0x4 /Applications/VEXcode.app/Contents/Resources/sdk/vexv5/libv5rt.a(vex_device.cpp.obj)
                0x0000000003801bec                vex::device::~device()
                0x0000000003801bec                vex::device::~device()
 .text._ZN3vex6device4initEl
                0x0000000003801bf0       0x30 /Applications/VEXcode.app/Contents/Resources/sdk/vexv5/libv5rt.a(vex_device.cpp.obj)
                0x0000000003801bf0                vex::device::init(long)
 .text._ZN3vex6deviceC2El
                0x0000000003801c20       0x20 /Applications/VEXcode.app/Contents/Resources/sdk/vexv5/libv5rt.a(vex_device.cpp.obj)
                0x0000000003801c20                vex::device::device(long)
                0x0000000003801c20                vex::device::device(long)
 .text._ZN3vex6device4typeEv
                0x0000000003801c40       0x10 /Applications/VEXcode.app/Contents/Resources/sdk/vexv5/libv5rt.a(vex_device.cpp.obj)
                0x0000000003801c40                vex::device::type()
 .text._ZN3vex6device9installedEv
                0x0000000003801c50       0x14 /Applications/VEXcode.app/Contents/Resources/sdk/vexv5/libv5rt.a(vex_device.cpp.obj)
                0x0000000003801c50                vex::device::installed()
 .text.__libc_fini_array
                0x0000000003801c64       0x30 /Applications/VEXcode.app/Contents/Resources/sdk/vexv5/gcc/libs/libc.a(lib_a-fini.o)
                0x0000000003801c64                __libc_fini_array
 .text.__libc_init_array
                0x0000000003801c94       0x58 /Applications/VEXcode.app/Contents/Resources/sdk/vexv5/gcc/libs/libc.a(lib_a-init.o)
                0x0000000003801c94                __libc_init_array
 *fill*         0x0000000003801cec        0x4 
 .text.__libc_init_array.__stub
                0x0000000003801cf0       0x18 linker stubs
 *(.gnu.linkonce.t.*)
 *(.plt)
 *(.gnu_warning)
 *(.gcc_except_table)
 *(.glue_7)
 .glue_7        0x0000000003801d08        0x0 linker stubs
 *(.glue_7t)
 .glue_7t       0x0000000003801d08        0x0 linker stubs
 *(.vfp11_veneer)
 .vfp11_veneer  0x0000000003801d08        0x0 linker stubs
 *(.ARM.extab)
 *(.gnu.linkonce.armextab.*)

.v4_bx          0x0000000003801d08        0x0
 .v4_bx         0x0000000003801d08        0x0 linker stubs

.iplt           0x0000000003801d08        0x0
 .iplt          0x0000000003801d08        0x0 build/src/main.o

.init
 *(.init)

.fini
 *(.fini)

.rodata         0x0000000003801d08       0xac
                0x0000000003801d08                __rodata_start = .
 *(.rodata)
 *(.rodata.*)
 .rodata.str1.1
                0x0000000003801d08       0x2e /Applications/VEXcode.app/Contents/Resources/sdk/vexv5/libv5rt.a(v5_startup.c.obj)
 *fill*         0x0000000003801d36        0x2 
 .rodata._ZTVN3vex5motorE
                0x0000000003801d38       0x10 /Applications/VEXcode.app/Contents/Resources/sdk/vexv5/libv5rt.a(vex_motor.cpp.obj)
                0x0000000003801d38                vtable for vex::motor
 .rodata.CSWTCH.15
                0x0000000003801d48        0xb /Applications/VEXcode.app/Contents/Resources/sdk/vexv5/libv5rt.a(vex_controller.cpp.obj)
 .rodata.CSWTCH.17
                0x0000000003801d53        0xb /Applications/VEXcode.app/Contents/Resources/sdk/vexv5/libv5rt.a(vex_controller.cpp.obj)
 .rodata.CSWTCH.23
                0x0000000003801d5e        0x3 /Applications/VEXcode.app/Contents/Resources/sdk/vexv5/libv5rt.a(vex_controller.cpp.obj)
 .rodata.str1.1
                0x0000000003801d61        0xa /Applications/VEXcode.app/Contents/Resources/sdk/vexv5/libv5rt.a(vex_task.cpp.obj)
 .rodata.str1.1
                0x0000000003801d6b       0x1a /Applications/VEXcode.app/Contents/Resources/sdk/vexv5/libv5rt.a(vex_brain.cpp.obj)
 *fill*         0x0000000003801d85        0x3 
 .rodata._ZTVN3vex7triportE
                0x0000000003801d88       0x10 /Applications/VEXcode.app/Contents/Resources/sdk/vexv5/libv5rt.a(vex_triport.cpp.obj)
                0x0000000003801d88                vtable for vex::triport
 .rodata._ZN3vex6PORT22E
                0x0000000003801d98        0x4 /Applications/VEXcode.app/Contents/Resources/sdk/vexv5/libv5rt.a(vex_global.cpp.obj)
                0x0000000003801d98                vex::PORT22
 *fill*         0x0000000003801d9c        0x4 
 .rodata._ZTVN3vex6deviceE
                0x0000000003801da0       0x10 /Applications/VEXcode.app/Contents/Resources/sdk/vexv5/libv5rt.a(vex_device.cpp.obj)
                0x0000000003801da0                vtable for vex::device
 .rodata.str1.4
                0x0000000003801db0        0x4 /Applications/VEXcode.app/Contents/Resources/sdk/vexv5/gcc/libs/libc.a(lib_a-impure.o)
                                          0x2 (size before relaxing)
 *(.gnu.linkonce.r.*)
                0x0000000003801db4                __rodata_end = .

.rodata1        0x0000000003801db4        0x0
                0x0000000003801db4                __rodata1_start = .
 *(.rodata1)
 *(.rodata1.*)
                0x0000000003801db4                __rodata1_end = .

.sdata2         0x0000000003801db4        0x0
                0x0000000003801db4                __sdata2_start = .
 *(.sdata2)
 *(.sdata2.*)
 *(.gnu.linkonce.s2.*)
                0x0000000003801db4                __sdata2_end = .

.sbss2          0x0000000003801db4        0x0
                0x0000000003801db4                __sbss2_start = .
 *(.sbss2)
 *(.sbss2.*)
 *(.gnu.linkonce.sb2.*)
                0x0000000003801db4                __sbss2_end = .

.data           0x0000000003801db8      0x434
                0x0000000003801db8                __data_start = .
 *(.data)
 *(.data.*)
 .data.appRunning
                0x0000000003801db8        0x4 /Applications/VEXcode.app/Contents/Resources/sdk/vexv5/libv5rt.a(v5_startup.c.obj)
                0x0000000003801db8                appRunning
 *fill*         0x0000000003801dbc        0x4 
 .data.impure_data
                0x0000000003801dc0      0x428 /Applications/VEXcode.app/Contents/Resources/sdk/vexv5/gcc/libs/libc.a(lib_a-impure.o)
 .data._impure_ptr
                0x00000000038021e8        0x4 /Applications/VEXcode.app/Contents/Resources/sdk/vexv5/gcc/libs/libc.a(lib_a-impure.o)
                0x00000000038021e8                _impure_ptr
 *(.gnu.linkonce.d.*)
 *(.jcr)
 *(.got)
 *(.got.plt)
                0x00000000038021ec                __data_end = .

.igot.plt       0x00000000038021ec        0x0
 .igot.plt      0x00000000038021ec        0x0 build/src/main.o

.data1          0x00000000038021ec        0x0
                0x00000000038021ec                __data1_start = .
 *(.data1)
 *(.data1.*)
                0x00000000038021ec                __data1_end = .

.got
 *(.got)

.ctors          0x00000000038021ec        0x0
                0x00000000038021ec                __CTOR_LIST__ = .
                0x00000000038021ec                ___CTORS_LIST___ = .
 *crtbegin.o(.ctors)
 *(EXCLUDE_FILE(*crtend.o) .ctors)
 *(SORT_BY_NAME(.ctors.*))
 *(.ctors)
                0x00000000038021ec                __CTOR_END__ = .
                0x00000000038021ec                ___CTORS_END___ = .

.dtors          0x00000000038021ec        0x0
                0x00000000038021ec                __DTOR_LIST__ = .
                0x00000000038021ec                ___DTORS_LIST___ = .
 *crtbegin.o(.dtors)
 *(EXCLUDE_FILE(*crtend.o) .dtors)
 *(SORT_BY_NAME(.dtors.*))
 *(.dtors)
                0x00000000038021ec                __DTOR_END__ = .
                0x00000000038021ec                ___DTORS_END___ = .

.fixup          0x00000000038021ec        0x0
                0x00000000038021ec                __fixup_start = .
 *(.fixup)
                0x00000000038021ec                __fixup_end = .

.eh_frame
 *(.eh_frame)

.eh_framehdr    0x00000000038021ec        0x0
                0x00000000038021ec                __eh_framehdr_start = .
 *(.eh_framehdr)
                0x00000000038021ec                __eh_framehdr_end = .

.gcc_except_table
 *(.gcc_except_table)

.mmu_tbl        0x0000000003804000        0x0
                0x0000000003804000                __mmu_tbl_start = .
 *(.mmu_tbl)
                0x0000000003804000                __mmu_tbl_end = .

.ARM.exidx      0x00000000038021ec        0x8
                0x00000000038021ec                __exidx_start = .
 *(.ARM.exidx*)
 .ARM.exidx.text._Z10autonomousv
                0x00000000038021ec        0x8 build/src/main.o
 .ARM.exidx.text._Z11usercontrolv
                0x00000000038021f4        0x0 build/src/main.o
                                          0x8 (size before relaxing)
 .ARM.exidx.text.main
                0x00000000038021f4        0x0 build/src/main.o
                                          0x8 (size before relaxing)
 .ARM.exidx.text._GLOBAL__sub_I_main.cpp
                0x00000000038021f4        0x0 build/src/main.o
                                          0x8 (size before relaxing)
 *(.gnu.linkonce.armexidix.*.*)
                0x00000000038021f4                __exidx_end = .

.rel.dyn        0x00000000038021f4        0x0
 .rel.iplt      0x00000000038021f4        0x0 build/src/main.o

.preinit_array  0x00000000038021f4        0x0
                0x00000000038021f4                __preinit_array_start = .
 *(SORT_BY_NAME(.preinit_array.*))
 *(.preinit_array)
                0x00000000038021f4                __preinit_array_end = .

.init_array     0x00000000038021f4       0x10
                0x00000000038021f4                __init_array_start = .
 *(SORT_BY_NAME(.init_array.*))
 *(.init_array)
 .init_array    0x00000000038021f4        0x4 build/src/main.o
 .init_array    0x00000000038021f8        0x4 /Applications/VEXcode.app/Contents/Resources/sdk/vexv5/libv5rt.a(vex_motor.cpp.obj)
 .init_array    0x00000000038021fc        0x4 /Applications/VEXcode.app/Contents/Resources/sdk/vexv5/libv5rt.a(vex_triport.cpp.obj)
 .init_array    0x0000000003802200        0x4 /Applications/VEXcode.app/Contents/Resources/sdk/vexv5/libv5rt.a(vex_color.cpp.obj)
                0x0000000003802204                __init_array_end = .

.fini_array     0x0000000003802204        0x0
                0x0000000003802204                __fini_array_start = .
 *(SORT_BY_NAME(.fini_array.*))
 *(.fini_array)
                0x0000000003802204                __fini_array_end = .

.ARM.attributes
                0x0000000003802204       0x3c
                0x0000000003802204                __ARM.attributes_start = .
 *(.ARM.attributes)
 .ARM.attributes
                0x0000000003802204       0x3a build/src/main.o
 .ARM.attributes
                0x000000000380223e       0x35 /Applications/VEXcode.app/Contents/Resources/sdk/vexv5/libv5rt.a(v5_startup.c.obj)
 .ARM.attributes
                0x0000000003802273       0x35 /Applications/VEXcode.app/Contents/Resources/sdk/vexv5/libv5rt.a(v5_util.c.obj)
 .ARM.attributes
                0x00000000038022a8       0x35 /Applications/VEXcode.app/Contents/Resources/sdk/vexv5/libv5rt.a(v5_apijump.c.obj)
 .ARM.attributes
                0x00000000038022dd       0x35 /Applications/VEXcode.app/Contents/Resources/sdk/vexv5/libv5rt.a(v5_apiversions.c.obj)
 .ARM.attributes
                0x0000000003802312       0x35 /Applications/VEXcode.app/Contents/Resources/sdk/vexv5/libv5rt.a(vex_motor.cpp.obj)
 .ARM.attributes
                0x0000000003802347       0x35 /Applications/VEXcode.app/Contents/Resources/sdk/vexv5/libv5rt.a(vex_controller.cpp.obj)
 .ARM.attributes
                0x000000000380237c       0x35 /Applications/VEXcode.app/Contents/Resources/sdk/vexv5/libv5rt.a(vex_task.cpp.obj)
 .ARM.attributes
                0x00000000038023b1       0x35 /Applications/VEXcode.app/Contents/Resources/sdk/vexv5/libv5rt.a(vex_event.cpp.obj)
 .ARM.attributes
                0x00000000038023e6       0x35 /Applications/VEXcode.app/Contents/Resources/sdk/vexv5/libv5rt.a(vex_mevent.cpp.obj)
 .ARM.attributes
                0x000000000380241b       0x35 /Applications/VEXcode.app/Contents/Resources/sdk/vexv5/libv5rt.a(vex_brain.cpp.obj)
 .ARM.attributes
                0x0000000003802450       0x35 /Applications/VEXcode.app/Contents/Resources/sdk/vexv5/libv5rt.a(vex_competition.cpp.obj)
 .ARM.attributes
                0x0000000003802485       0x35 /Applications/VEXcode.app/Contents/Resources/sdk/vexv5/libv5rt.a(vex_triport.cpp.obj)
 .ARM.attributes
                0x00000000038024ba       0x35 /Applications/VEXcode.app/Contents/Resources/sdk/vexv5/libv5rt.a(vex_color.cpp.obj)
 .ARM.attributes
                0x00000000038024ef       0x35 /Applications/VEXcode.app/Contents/Resources/sdk/vexv5/libv5rt.a(vex_timer.cpp.obj)
 .ARM.attributes
                0x0000000003802524       0x35 /Applications/VEXcode.app/Contents/Resources/sdk/vexv5/libv5rt.a(v5_apiuser.c.obj)
 .ARM.attributes
                0x0000000003802559       0x35 /Applications/VEXcode.app/Contents/Resources/sdk/vexv5/libv5rt.a(vex_global.cpp.obj)
 .ARM.attributes
                0x000000000380258e       0x35 /Applications/VEXcode.app/Contents/Resources/sdk/vexv5/libv5rt.a(vex_device.cpp.obj)
 .ARM.attributes
                0x00000000038025c3       0x2b /Applications/VEXcode.app/Contents/Resources/sdk/vexv5/gcc/libs/libc.a(lib_a-fini.o)
 .ARM.attributes
                0x00000000038025ee       0x2b /Applications/VEXcode.app/Contents/Resources/sdk/vexv5/gcc/libs/libc.a(lib_a-impure.o)
 .ARM.attributes
                0x0000000003802619       0x2b /Applications/VEXcode.app/Contents/Resources/sdk/vexv5/gcc/libs/libc.a(lib_a-init.o)
                0x0000000003802644                __ARM.attributes_end = .

.sdata          0x0000000003802204        0x0
                0x0000000003802204                __sdata_start = .
 *(.sdata)
 *(.sdata.*)
 *(.gnu.linkonce.s.*)
                0x0000000003802204                __sdata_end = .

.sbss           0x0000000003802204        0x0
                0x0000000003802204                __sbss_start = .
 *(.sbss)
 *(.sbss.*)
 *(.gnu.linkonce.sb.*)
                0x0000000003802204                __sbss_end = .

.tdata          0x0000000003802204        0x0
                0x0000000003802204                __tdata_start = .
 *(.tdata)
 *(.tdata.*)
 *(.gnu.linkonce.td.*)
                0x0000000003802204                __tdata_end = .

.tbss           0x0000000003802204        0x0
                0x0000000003802204                __tbss_start = .
 *(.tbss)
 *(.tbss.*)
 *(.gnu.linkonce.tb.*)
                0x0000000003802204                __tbss_end = .

.bss            0x0000000003802204      0x695
                0x0000000003802204                __bss_start = .
 *(.bss)
 *(.bss.*)
 .bss.Brain     0x0000000003802204      0x2e0 build/src/main.o
                0x0000000003802204                Brain
 .bss.Competition
                0x00000000038024e4       0x28 build/src/main.o
                0x00000000038024e4                Competition
 .bss.Controller1
                0x000000000380250c      0x1e0 build/src/main.o
                0x000000000380250c                Controller1
 .bss.mFrontLeftA
                0x00000000038026ec       0x28 build/src/main.o
                0x00000000038026ec                mFrontLeftA
 .bss.mFrontLeftB
                0x0000000003802714       0x28 build/src/main.o
                0x0000000003802714                mFrontLeftB
 .bss.mFrontRightA
                0x000000000380273c       0x28 build/src/main.o
                0x000000000380273c                mFrontRightA
 .bss.mFrontRightB
                0x0000000003802764       0x28 build/src/main.o
                0x0000000003802764                mFrontRightB
 .bss.mBackLeftA
                0x000000000380278c       0x28 build/src/main.o
                0x000000000380278c                mBackLeftA
 .bss.mBackLeftB
                0x00000000038027b4       0x28 build/src/main.o
                0x00000000038027b4                mBackLeftB
 .bss.mBackRightA
                0x00000000038027dc       0x28 build/src/main.o
                0x00000000038027dc                mBackRightA
 .bss.mBackRightB
                0x0000000003802804       0x28 build/src/main.o
                0x0000000003802804                mBackRightB
 .bss.__dso_handle
                0x000000000380282c        0x4 /Applications/VEXcode.app/Contents/Resources/sdk/vexv5/libv5rt.a(v5_startup.c.obj)
                0x000000000380282c                __dso_handle
 .bss._ZStL8__ioinit
                0x0000000003802830        0x1 /Applications/VEXcode.app/Contents/Resources/sdk/vexv5/libv5rt.a(vex_motor.cpp.obj)
 *fill*         0x0000000003802831        0x3 
 .bss._ZN3vex4task8_labelIdE
                0x0000000003802834        0x4 /Applications/VEXcode.app/Contents/Resources/sdk/vexv5/libv5rt.a(vex_task.cpp.obj)
                0x0000000003802834                vex::task::_labelId
 .bss._ZN3vex11competition22bStopTasksBetweenModesE
                0x0000000003802838        0x1 /Applications/VEXcode.app/Contents/Resources/sdk/vexv5/libv5rt.a(vex_competition.cpp.obj)
                0x0000000003802838                vex::competition::bStopTasksBetweenModes
 .bss._ZN3vex11competition25bStopAllTasksBetweenModesE
                0x0000000003802839        0x1 /Applications/VEXcode.app/Contents/Resources/sdk/vexv5/libv5rt.a(vex_competition.cpp.obj)
                0x0000000003802839                vex::competition::bStopAllTasksBetweenModes
 .bss._ZN3vex11competition14_auton_pendingE
                0x000000000380283a        0x1 /Applications/VEXcode.app/Contents/Resources/sdk/vexv5/libv5rt.a(vex_competition.cpp.obj)
                0x000000000380283a                vex::competition::_auton_pending
 *fill*         0x000000000380283b        0x1 
 .bss._ZN3vex11competition20_autonomous_callbackE
                0x000000000380283c        0x4 /Applications/VEXcode.app/Contents/Resources/sdk/vexv5/libv5rt.a(vex_competition.cpp.obj)
                0x000000000380283c                vex::competition::_autonomous_callback
 .bss._ZN3vex11competition23_drivercontrol_callbackE
                0x0000000003802840        0x4 /Applications/VEXcode.app/Contents/Resources/sdk/vexv5/libv5rt.a(vex_competition.cpp.obj)
                0x0000000003802840                vex::competition::_drivercontrol_callback
 .bss._ZN3vex11competition15_driver_pendingE
                0x0000000003802844        0x1 /Applications/VEXcode.app/Contents/Resources/sdk/vexv5/libv5rt.a(vex_competition.cpp.obj)
                0x0000000003802844                vex::competition::_driver_pending
 .bss._ZStL8__ioinit
                0x0000000003802845        0x1 /Applications/VEXcode.app/Contents/Resources/sdk/vexv5/libv5rt.a(vex_triport.cpp.obj)
 *fill*         0x0000000003802846        0x2 
 .bss._ZN3vex5color6orangeE
                0x0000000003802848        0x8 /Applications/VEXcode.app/Contents/Resources/sdk/vexv5/libv5rt.a(vex_color.cpp.obj)
                0x0000000003802848                vex::color::orange
 .bss._ZN3vex5color5blackE
                0x0000000003802850        0x8 /Applications/VEXcode.app/Contents/Resources/sdk/vexv5/libv5rt.a(vex_color.cpp.obj)
                0x0000000003802850                vex::color::black
 .bss._ZN3vex5color6yellowE
                0x0000000003802858        0x8 /Applications/VEXcode.app/Contents/Resources/sdk/vexv5/libv5rt.a(vex_color.cpp.obj)
                0x0000000003802858                vex::color::yellow
 .bss._ZN3vex5color5greenE
                0x0000000003802860        0x8 /Applications/VEXcode.app/Contents/Resources/sdk/vexv5/libv5rt.a(vex_color.cpp.obj)
                0x0000000003802860                vex::color::green
 .bss._ZN3vex5color6purpleE
                0x0000000003802868        0x8 /Applications/VEXcode.app/Contents/Resources/sdk/vexv5/libv5rt.a(vex_color.cpp.obj)
                0x0000000003802868                vex::color::purple
 .bss._ZN3vex5color4cyanE
                0x0000000003802870        0x8 /Applications/VEXcode.app/Contents/Resources/sdk/vexv5/libv5rt.a(vex_color.cpp.obj)
                0x0000000003802870                vex::color::cyan
 .bss._ZN3vex5color4blueE
                0x0000000003802878        0x8 /Applications/VEXcode.app/Contents/Resources/sdk/vexv5/libv5rt.a(vex_color.cpp.obj)
                0x0000000003802878                vex::color::blue
 .bss._ZN3vex5color3redE
                0x0000000003802880        0x8 /Applications/VEXcode.app/Contents/Resources/sdk/vexv5/libv5rt.a(vex_color.cpp.obj)
                0x0000000003802880                vex::color::red
 .bss._ZN3vex5color11transparentE
                0x0000000003802888        0x8 /Applications/VEXcode.app/Contents/Resources/sdk/vexv5/libv5rt.a(vex_color.cpp.obj)
                0x0000000003802888                vex::color::transparent
 .bss._ZN3vex5color5whiteE
                0x0000000003802890        0x8 /Applications/VEXcode.app/Contents/Resources/sdk/vexv5/libv5rt.a(vex_color.cpp.obj)
                0x0000000003802890                vex::color::white
 *(.gnu.linkonce.b.*)
 *(COMMON)
 COMMON         0x0000000003802898        0x1 /Applications/VEXcode.app/Contents/Resources/sdk/vexv5/libv5rt.a(v5_startup.c.obj)
                0x0000000003802898                __vex_critical_section
                0x0000000003802899                __bss_end = .
                0x0000000003802204                _SDA_BASE_ = (__sdata_start + ((__sbss_end - __sdata_start) / 0x2))
                0x0000000003801db4                _SDA2_BASE_ = (__sdata2_start + ((__sbss2_end - __sdata2_start) / 0x2))

.heap           0x0000000003802899   0x100007
                0x00000000038028a0                . = ALIGN (0x10)
 *fill*         0x0000000003802899        0x7 
                0x00000000038028a0                _heap = .
                0x00000000038028a0                HeapBase = .
                0x00000000038028a0                _heap_start = .
                0x00000000039028a0                . = (. + _HEAP_SIZE)
 *fill*         0x00000000038028a0   0x100000 
                0x00000000039028a0                _heap_end = .
                0x00000000039028a0                HeapLimit = .

.stack          0x00000000039028a0     0x3800
                0x00000000039028a0                . = ALIGN (0x10)
                0x00000000039028a0                _stack_end = .
                0x00000000039048a0                . = (. + _STACK_SIZE)
 *fill*         0x00000000039028a0     0x2000 
                0x00000000039048a0                . = ALIGN (0x10)
                0x00000000039048a0                _stack = .
                0x00000000039048a0                __stack = _stack
                0x00000000039048a0                . = ALIGN (0x10)
                0x00000000039048a0                _irq_stack_end = .
                0x0000000003904ca0                . = (. + _IRQ_STACK_SIZE)
 *fill*         0x00000000039048a0      0x400 
                0x0000000003904ca0                . = ALIGN (0x10)
                0x0000000003904ca0                __irq_stack = .
                0x0000000003904ca0                _supervisor_stack_end = .
                0x00000000039054a0                . = (. + _SUPERVISOR_STACK_SIZE)
 *fill*         0x0000000003904ca0      0x800 
                0x00000000039054a0                . = ALIGN (0x10)
                0x00000000039054a0                __supervisor_stack = .
                0x00000000039054a0                _abort_stack_end = .
                0x00000000039058a0                . = (. + _ABORT_STACK_SIZE)
 *fill*         0x00000000039054a0      0x400 
                0x00000000039058a0                . = ALIGN (0x10)
                0x00000000039058a0                __abort_stack = .
                0x00000000039058a0                _fiq_stack_end = .
                0x0000000003905ca0                . = (. + _FIQ_STACK_SIZE)
 *fill*         0x00000000039058a0      0x400 
                0x0000000003905ca0                . = ALIGN (0x10)
                0x0000000003905ca0                __fiq_stack = .
                0x0000000003905ca0                _undef_stack_end = .
                0x00000000039060a0                . = (. + _UNDEF_STACK_SIZE)
 *fill*         0x0000000003905ca0      0x400 
                0x00000000039060a0                . = ALIGN (0x10)
                0x00000000039060a0                __undef_stack = .
                0x00000000039060a0                _end = .
LOAD /Applications/VEXcode.app/Contents/Resources/sdk/vexv5/stdlib_0.lib
LOAD build/src/main.o
START GROUP
LOAD /Applications/VEXcode.app/Contents/Resources/sdk/vexv5/libv5rt.a
LOAD /Applications/VEXcode.app/Contents/Resources/sdk/vexv5/gcc/libs/libstdc++.a
LOAD /Applications/VEXcode.app/Contents/Resources/sdk/vexv5/gcc/libs/libc.a
LOAD /Applications/VEXcode.app/Contents/Resources/sdk/vexv5/gcc/libs/libm.a
LOAD /Applications/VEXcode.app/Contents/Resources/sdk/vexv5/gcc/libs/libgcc.a
END GROUP
OUTPUT(build/TestProject.elf elf32-littlearm)

.comment        0x0000000000000000       0x9d
 .comment       0x0000000000000000       0x2d build/src/main.o
                                         0x2e (size before relaxing)
 .comment       0x000000000000002d       0x70 /Applications/VEXcode.app/Contents/Resources/sdk/vexv5/libv5rt.a(v5_startup.c.obj)
                                         0x71 (size before relaxing)
 .comment       0x000000000000009d       0x71 /Applications/VEXcode.app/Contents/Resources/sdk/vexv5/libv5rt.a(v5_util.c.obj)
 .comment       0x000000000000009d       0x71 /Applications/VEXcode.app/Contents/Resources/sdk/vexv5/libv5rt.a(v5_apijump.c.obj)
 .comment       0x000000000000009d       0x71 /Applications/VEXcode.app/Contents/Resources/sdk/vexv5/libv5rt.a(v5_apiversions.c.obj)
 .comment       0x000000000000009d       0x71 /Applications/VEXcode.app/Contents/Resources/sdk/vexv5/libv5rt.a(vex_motor.cpp.obj)
 .comment       0x000000000000009d       0x71 /Applications/VEXcode.app/Contents/Resources/sdk/vexv5/libv5rt.a(vex_controller.cpp.obj)
 .comment       0x000000000000009d       0x71 /Applications/VEXcode.app/Contents/Resources/sdk/vexv5/libv5rt.a(vex_task.cpp.obj)
 .comment       0x000000000000009d       0x71 /Applications/VEXcode.app/Contents/Resources/sdk/vexv5/libv5rt.a(vex_event.cpp.obj)
 .comment       0x000000000000009d       0x71 /Applications/VEXcode.app/Contents/Resources/sdk/vexv5/libv5rt.a(vex_mevent.cpp.obj)
 .comment       0x000000000000009d       0x71 /Applications/VEXcode.app/Contents/Resources/sdk/vexv5/libv5rt.a(vex_brain.cpp.obj)
 .comment       0x000000000000009d       0x71 /Applications/VEXcode.app/Contents/Resources/sdk/vexv5/libv5rt.a(vex_competition.cpp.obj)
 .comment       0x000000000000009d       0x71 /Applications/VEXcode.app/Contents/Resources/sdk/vexv5/libv5rt.a(vex_triport.cpp.obj)
 .comment       0x000000000000009d       0x71 /Applications/VEXcode.app/Contents/Resources/sdk/vexv5/libv5rt.a(vex_color.cpp.obj)
 .comment       0x000000000000009d       0x71 /Applications/VEXcode.app/Contents/Resources/sdk/vexv5/libv5rt.a(vex_timer.cpp.obj)
 .comment       0x000000000000009d       0x71 /Applications/VEXcode.app/Contents/Resources/sdk/vexv5/libv5rt.a(v5_apiuser.c.obj)
 .comment       0x000000000000009d       0x71 /Applications/VEXcode.app/Contents/Resources/sdk/vexv5/libv5rt.a(vex_global.cpp.obj)
 .comment       0x000000000000009d       0x71 /Applications/VEXcode.app/Contents/Resources/sdk/vexv5/libv5rt.a(vex_device.cpp.obj)

.note.GNU-stack
                0x0000000000000000        0x0
 .note.GNU-stack
                0x0000000000000000        0x0 build/src/main.o

.debug_frame    0x0000000000000000       0x60
 .debug_frame   0x0000000000000000       0x34 /Applications/VEXcode.app/Contents/Resources/sdk/vexv5/gcc/libs/libc.a(lib_a-fini.o)
 .debug_frame   0x0000000000000034       0x2c /Applications/VEXcode.app/Contents/Resources/sdk/vexv5/gcc/libs/libc.a(lib_a-init.o)
